This file contains any messages produced by compilers while
running configure, to aid debugging if configure makes a mistake.

It was created by configure, which was
generated by GNU Autoconf 2.68.  Invocation command line was

  $ ./configure 

## --------- ##
## Platform. ##
## --------- ##

hostname = cursor
uname -m = x86_64
uname -r = 6.1.147
uname -s = Linux
uname -v = #1 SMP PREEMPT_DYNAMIC Tue Aug  5 21:01:56 UTC 2025

/usr/bin/uname -p = x86_64
/bin/uname -X     = unknown

/bin/arch              = x86_64
/usr/bin/arch -k       = unknown
/usr/convex/getsysinfo = unknown
/usr/bin/hostinfo      = unknown
/bin/machine           = unknown
/usr/bin/oslevel       = unknown
/bin/universe          = unknown

PATH: /usr/local/cargo/bin
PATH: /usr/local/cargo/bin
PATH: /home/ubuntu/.nvm/versions/node/v22.20.0/bin
PATH: /usr/local/sbin
PATH: /usr/local/bin
PATH: /usr/sbin
PATH: /usr/bin
PATH: /sbin
PATH: /bin


## ----------- ##
## Core tests. ##
## ----------- ##

configure:2121: checking whether make sets $(MAKE)
configure:2143: result: yes
configure:2248: checking for gcc
configure:2264: found /usr/bin/gcc
configure:2275: result: gcc
configure:2504: checking for C compiler version
configure:2513: gcc --version >&5
gcc (Ubuntu 14.2.0-19ubuntu2) 14.2.0
Copyright (C) 2024 Free Software Foundation, Inc.
This is free software; see the source for copying conditions.  There is NO
warranty; not even for MERCHANTABILITY or FITNESS FOR A PARTICULAR PURPOSE.

configure:2524: $? = 0
configure:2513: gcc -v >&5
Using built-in specs.
COLLECT_GCC=gcc
COLLECT_LTO_WRAPPER=/usr/libexec/gcc/x86_64-linux-gnu/14/lto-wrapper
OFFLOAD_TARGET_NAMES=nvptx-none:amdgcn-amdhsa
OFFLOAD_TARGET_DEFAULT=1
Target: x86_64-linux-gnu
Configured with: ../src/configure -v --with-pkgversion='Ubuntu 14.2.0-19ubuntu2' --with-bugurl=file:///usr/share/doc/gcc-14/README.Bugs --enable-languages=c,ada,c++,go,d,fortran,objc,obj-c++,m2,rust --prefix=/usr --with-gcc-major-version-only --program-suffix=-14 --program-prefix=x86_64-linux-gnu- --enable-shared --enable-linker-build-id --libexecdir=/usr/libexec --without-included-gettext --enable-threads=posix --libdir=/usr/lib --enable-nls --enable-bootstrap --enable-clocale=gnu --enable-libstdcxx-debug --enable-libstdcxx-time=yes --with-default-libstdcxx-abi=new --enable-libstdcxx-backtrace --enable-gnu-unique-object --disable-vtable-verify --enable-plugin --enable-default-pie --with-system-zlib --enable-libphobos-checking=release --with-target-system-zlib=auto --enable-objc-gc=auto --enable-multiarch --disable-werror --enable-cet --with-arch-32=i686 --with-abi=m64 --with-multilib-list=m32,m64,mx32 --enable-multilib --with-tune=generic --enable-offload-targets=nvptx-none=/build/gcc-14-C86vgL/gcc-14-14.2.0/debian/tmp-nvptx/usr,amdgcn-amdhsa=/build/gcc-14-C86vgL/gcc-14-14.2.0/debian/tmp-gcn/usr --enable-offload-defaulted --without-cuda-driver --enable-checking=release --build=x86_64-linux-gnu --host=x86_64-linux-gnu --target=x86_64-linux-gnu --with-build-config=bootstrap-lto-lean --enable-link-serialization=2
Thread model: posix
Supported LTO compression algorithms: zlib zstd
gcc version 14.2.0 (Ubuntu 14.2.0-19ubuntu2) 
... rest of stderr output deleted ...
configure:2524: $? = 0
configure:2513: gcc -V >&5
gcc: error: unrecognized command-line option '-V'
gcc: fatal error: no input files
compilation terminated.
configure:2524: $? = 1
configure:2513: gcc -qversion >&5
gcc: error: unrecognized command-line option '-qversion'; did you mean '--version'?
gcc: fatal error: no input files
compilation terminated.
configure:2524: $? = 1
configure:2544: checking whether the C compiler works
configure:2566: gcc  -I/usr/local//include  -L/usr/local//lib  conftest.c  >&5
configure:2570: $? = 0
configure:2618: result: yes
configure:2621: checking for C compiler default output file name
configure:2623: result: a.out
configure:2629: checking for suffix of executables
configure:2636: gcc -o conftest  -I/usr/local//include  -L/usr/local//lib  conftest.c  >&5
configure:2640: $? = 0
configure:2662: result: 
configure:2684: checking whether we are cross compiling
configure:2692: gcc -o conftest  -I/usr/local//include  -L/usr/local//lib  conftest.c  >&5
configure:2696: $? = 0
configure:2703: ./conftest
configure:2707: $? = 0
configure:2722: result: no
configure:2727: checking for suffix of object files
configure:2749: gcc -c  -I/usr/local//include  conftest.c >&5
configure:2753: $? = 0
configure:2774: result: o
configure:2778: checking whether we are using the GNU C compiler
configure:2797: gcc -c  -I/usr/local//include  conftest.c >&5
configure:2797: $? = 0
configure:2806: result: yes
configure:2815: checking whether gcc accepts -g
configure:2835: gcc -c -g -I/usr/local//include  conftest.c >&5
configure:2835: $? = 0
configure:2876: result: yes
configure:2893: checking for gcc option to accept ISO C89
configure:2957: gcc  -c -g -O2 -I/usr/local//include  conftest.c >&5
configure:2957: $? = 0
configure:2970: result: none needed
configure:3033: checking for ranlib
configure:3049: found /usr/bin/ranlib
configure:3060: result: ranlib
configure:3096: checking for a BSD-compatible install
configure:3164: result: /usr/bin/install -c
configure:3179: checking for sendmail
configure:3198: found /usr/sbin/sendmail
configure:3210: result: /usr/sbin/sendmail
configure:3226: checking for flex
configure:3260: result: no
configure:3273: checking for lex
configure:3307: result: no
configure:3318: checking CFLAGS for gcc -fstack-protector
configure:3345: gcc -c -g -O2 -pedantic -Werror  -fstack-protector -I/usr/local//include  conftest.c >&5
configure:3345: $? = 0
configure:3359: result: -fstack-protector
configure:3372: : CFLAGS="$CFLAGS $var"
configure:3375: $? = 0
configure:3384: WARNING: without lex or flex sysmon may not compile but give it a try
configure:3394: checking how to run the C preprocessor
configure:3425: gcc -E -I/usr/local//include  conftest.c
configure:3425: $? = 0
configure:3439: gcc -E -I/usr/local//include  conftest.c
conftest.c:9:10: fatal error: ac_nonexistent.h: No such file or directory
    9 | #include <ac_nonexistent.h>
      |          ^~~~~~~~~~~~~~~~~~
compilation terminated.
configure:3439: $? = 1
configure: failed program was:
| /* confdefs.h */
| #define PACKAGE_NAME ""
| #define PACKAGE_TARNAME ""
| #define PACKAGE_VERSION ""
| #define PACKAGE_STRING ""
| #define PACKAGE_BUGREPORT ""
| #define PACKAGE_URL ""
| /* end confdefs.h.  */
| #include <ac_nonexistent.h>
configure:3464: result: gcc -E
configure:3484: gcc -E -I/usr/local//include  conftest.c
configure:3484: $? = 0
configure:3498: gcc -E -I/usr/local//include  conftest.c
conftest.c:9:10: fatal error: ac_nonexistent.h: No such file or directory
    9 | #include <ac_nonexistent.h>
      |          ^~~~~~~~~~~~~~~~~~
compilation terminated.
configure:3498: $? = 1
configure: failed program was:
| /* confdefs.h */
| #define PACKAGE_NAME ""
| #define PACKAGE_TARNAME ""
| #define PACKAGE_VERSION ""
| #define PACKAGE_STRING ""
| #define PACKAGE_BUGREPORT ""
| #define PACKAGE_URL ""
| /* end confdefs.h.  */
| #include <ac_nonexistent.h>
configure:3527: checking for grep that handles long lines and -e
configure:3585: result: /usr/bin/grep
configure:3590: checking for egrep
configure:3652: result: /usr/bin/grep -E
configure:3657: checking for ANSI C header files
configure:3677: gcc -c -g -O2 -fstack-protector -I/usr/local//include  conftest.c >&5
configure:3677: $? = 0
configure:3750: gcc -o conftest -g -O2 -fstack-protector -I/usr/local//include  -L/usr/local//lib  conftest.c  >&5
configure:3750: $? = 0
configure:3750: ./conftest
configure:3750: $? = 0
configure:3761: result: yes
configure:3774: checking for sys/types.h
configure:3774: gcc -c -g -O2 -fstack-protector -I/usr/local//include  conftest.c >&5
configure:3774: $? = 0
configure:3774: result: yes
configure:3774: checking for sys/stat.h
configure:3774: gcc -c -g -O2 -fstack-protector -I/usr/local//include  conftest.c >&5
configure:3774: $? = 0
configure:3774: result: yes
configure:3774: checking for stdlib.h
configure:3774: gcc -c -g -O2 -fstack-protector -I/usr/local//include  conftest.c >&5
configure:3774: $? = 0
configure:3774: result: yes
configure:3774: checking for string.h
configure:3774: gcc -c -g -O2 -fstack-protector -I/usr/local//include  conftest.c >&5
configure:3774: $? = 0
configure:3774: result: yes
configure:3774: checking for memory.h
configure:3774: gcc -c -g -O2 -fstack-protector -I/usr/local//include  conftest.c >&5
configure:3774: $? = 0
configure:3774: result: yes
configure:3774: checking for strings.h
configure:3774: gcc -c -g -O2 -fstack-protector -I/usr/local//include  conftest.c >&5
configure:3774: $? = 0
configure:3774: result: yes
configure:3774: checking for inttypes.h
configure:3774: gcc -c -g -O2 -fstack-protector -I/usr/local//include  conftest.c >&5
configure:3774: $? = 0
configure:3774: result: yes
configure:3774: checking for stdint.h
configure:3774: gcc -c -g -O2 -fstack-protector -I/usr/local//include  conftest.c >&5
configure:3774: $? = 0
configure:3774: result: yes
configure:3774: checking for unistd.h
configure:3774: gcc -c -g -O2 -fstack-protector -I/usr/local//include  conftest.c >&5
configure:3774: $? = 0
configure:3774: result: yes
configure:3788: checking paths.h usability
configure:3788: gcc -c -g -O2 -fstack-protector -I/usr/local//include  conftest.c >&5
configure:3788: $? = 0
configure:3788: result: yes
configure:3788: checking paths.h presence
configure:3788: gcc -E -I/usr/local//include  conftest.c
configure:3788: $? = 0
configure:3788: result: yes
configure:3788: checking for paths.h
configure:3788: result: yes
configure:3799: checking for refresh in -lcurses
configure:3824: gcc -o conftest -g -O2 -fstack-protector -I/usr/local//include  -L/usr/local//lib  conftest.c -lcurses   >&5
configure:3824: $? = 0
configure:3833: result: yes
configure:3844: checking for refresh in -lncurses
configure:3869: gcc -o conftest -g -O2 -fstack-protector -I/usr/local//include  -L/usr/local//lib  conftest.c -lncurses  -lcurses  >&5
configure:3869: $? = 0
configure:3878: result: yes
configure:3889: checking for inet_ntoa in -lnsl
configure:3914: gcc -o conftest -g -O2 -fstack-protector -I/usr/local//include  -L/usr/local//lib  conftest.c -lnsl  -lncurses -lcurses  >&5
/usr/bin/ld: cannot find -lnsl: No such file or directory
collect2: error: ld returned 1 exit status
configure:3914: $? = 1
configure: failed program was:
| /* confdefs.h */
| #define PACKAGE_NAME ""
| #define PACKAGE_TARNAME ""
| #define PACKAGE_VERSION ""
| #define PACKAGE_STRING ""
| #define PACKAGE_BUGREPORT ""
| #define PACKAGE_URL ""
| #define STDC_HEADERS 1
| #define HAVE_SYS_TYPES_H 1
| #define HAVE_SYS_STAT_H 1
| #define HAVE_STDLIB_H 1
| #define HAVE_STRING_H 1
| #define HAVE_MEMORY_H 1
| #define HAVE_STRINGS_H 1
| #define HAVE_INTTYPES_H 1
| #define HAVE_STDINT_H 1
| #define HAVE_UNISTD_H 1
| #define HAVE_PATHS_H 1
| #define HAVE_LIBCURSES 1
| #define HAVE_LIBNCURSES 1
| /* end confdefs.h.  */
| 
| /* Override any GCC internal prototype to avoid an error.
|    Use char because int might match the return type of a GCC
|    builtin and then its argument prototype would still apply.  */
| #ifdef __cplusplus
| extern "C"
| #endif
| char inet_ntoa ();
| int
| main ()
| {
| return inet_ntoa ();
|   ;
|   return 0;
| }
configure:3923: result: no
configure:3934: checking for yywrap in -lfl
configure:3959: gcc -o conftest -g -O2 -fstack-protector -I/usr/local//include  -L/usr/local//lib  conftest.c -lfl  -lncurses -lcurses  >&5
/usr/bin/ld: cannot find -lfl: No such file or directory
collect2: error: ld returned 1 exit status
configure:3959: $? = 1
configure: failed program was:
| /* confdefs.h */
| #define PACKAGE_NAME ""
| #define PACKAGE_TARNAME ""
| #define PACKAGE_VERSION ""
| #define PACKAGE_STRING ""
| #define PACKAGE_BUGREPORT ""
| #define PACKAGE_URL ""
| #define STDC_HEADERS 1
| #define HAVE_SYS_TYPES_H 1
| #define HAVE_SYS_STAT_H 1
| #define HAVE_STDLIB_H 1
| #define HAVE_STRING_H 1
| #define HAVE_MEMORY_H 1
| #define HAVE_STRINGS_H 1
| #define HAVE_INTTYPES_H 1
| #define HAVE_STDINT_H 1
| #define HAVE_UNISTD_H 1
| #define HAVE_PATHS_H 1
| #define HAVE_LIBCURSES 1
| #define HAVE_LIBNCURSES 1
| /* end confdefs.h.  */
| 
| /* Override any GCC internal prototype to avoid an error.
|    Use char because int might match the return type of a GCC
|    builtin and then its argument prototype would still apply.  */
| #ifdef __cplusplus
| extern "C"
| #endif
| char yywrap ();
| int
| main ()
| {
| return yywrap ();
|   ;
|   return 0;
| }
configure:3968: result: no
configure:3979: checking for yywrap in -ll
configure:4004: gcc -o conftest -g -O2 -fstack-protector -I/usr/local//include  -L/usr/local//lib  conftest.c -ll  -lncurses -lcurses  >&5
/usr/bin/ld: cannot find -ll: No such file or directory
collect2: error: ld returned 1 exit status
configure:4004: $? = 1
configure: failed program was:
| /* confdefs.h */
| #define PACKAGE_NAME ""
| #define PACKAGE_TARNAME ""
| #define PACKAGE_VERSION ""
| #define PACKAGE_STRING ""
| #define PACKAGE_BUGREPORT ""
| #define PACKAGE_URL ""
| #define STDC_HEADERS 1
| #define HAVE_SYS_TYPES_H 1
| #define HAVE_SYS_STAT_H 1
| #define HAVE_STDLIB_H 1
| #define HAVE_STRING_H 1
| #define HAVE_MEMORY_H 1
| #define HAVE_STRINGS_H 1
| #define HAVE_INTTYPES_H 1
| #define HAVE_STDINT_H 1
| #define HAVE_UNISTD_H 1
| #define HAVE_PATHS_H 1
| #define HAVE_LIBCURSES 1
| #define HAVE_LIBNCURSES 1
| /* end confdefs.h.  */
| 
| /* Override any GCC internal prototype to avoid an error.
|    Use char because int might match the return type of a GCC
|    builtin and then its argument prototype would still apply.  */
| #ifdef __cplusplus
| extern "C"
| #endif
| char yywrap ();
| int
| main ()
| {
| return yywrap ();
|   ;
|   return 0;
| }
configure:4013: result: no
configure:4024: checking for pthread_create in -lpthread
configure:4049: gcc -o conftest -g -O2 -fstack-protector -I/usr/local//include  -L/usr/local//lib  conftest.c -lpthread  -lncurses -lcurses  >&5
configure:4049: $? = 0
configure:4058: result: yes
configure:4072: WARNING: We may not compile as we did not find yywrap.  I suggest installing flex. ftp://ftp.gnu.org/gnu/non-gnu/flex/
configure:4077: checking for getpeername in -lsocket
configure:4102: gcc -o conftest -g -O2 -fstack-protector -I/usr/local//include  -L/usr/local//lib  conftest.c -lsocket  -lpthread -lncurses -lcurses  >&5
/usr/bin/ld: cannot find -lsocket: No such file or directory
collect2: error: ld returned 1 exit status
configure:4102: $? = 1
configure: failed program was:
| /* confdefs.h */
| #define PACKAGE_NAME ""
| #define PACKAGE_TARNAME ""
| #define PACKAGE_VERSION ""
| #define PACKAGE_STRING ""
| #define PACKAGE_BUGREPORT ""
| #define PACKAGE_URL ""
| #define STDC_HEADERS 1
| #define HAVE_SYS_TYPES_H 1
| #define HAVE_SYS_STAT_H 1
| #define HAVE_STDLIB_H 1
| #define HAVE_STRING_H 1
| #define HAVE_MEMORY_H 1
| #define HAVE_STRINGS_H 1
| #define HAVE_INTTYPES_H 1
| #define HAVE_STDINT_H 1
| #define HAVE_UNISTD_H 1
| #define HAVE_PATHS_H 1
| #define HAVE_LIBCURSES 1
| #define HAVE_LIBNCURSES 1
| #define HAVE_LIBPTHREAD 1
| /* end confdefs.h.  */
| 
| /* Override any GCC internal prototype to avoid an error.
|    Use char because int might match the return type of a GCC
|    builtin and then its argument prototype would still apply.  */
| #ifdef __cplusplus
| extern "C"
| #endif
| char getpeername ();
| int
| main ()
| {
| return getpeername ();
|   ;
|   return 0;
| }
configure:4111: result: no
configure:4122: checking for gethostname in -lresolv
configure:4147: gcc -o conftest -g -O2 -fstack-protector -I/usr/local//include  -L/usr/local//lib  conftest.c -lresolv  -lpthread -lncurses -lcurses  >&5
configure:4147: $? = 0
configure:4156: result: yes
configure:4168: checking for gethostbyname
configure:4168: gcc -o conftest -g -O2 -fstack-protector -I/usr/local//include  -L/usr/local//lib  conftest.c -lresolv -lpthread -lncurses -lcurses  >&5
configure:4168: $? = 0
configure:4168: result: yes
configure:4179: checking for gethostbyname2
configure:4179: gcc -o conftest -g -O2 -fstack-protector -I/usr/local//include  -L/usr/local//lib  conftest.c -lresolv -lpthread -lncurses -lcurses  >&5
configure:4179: $? = 0
configure:4179: result: yes
configure:4191: checking for snprintf in -lc
configure:4216: gcc -o conftest -g -O2 -fstack-protector -I/usr/local//include  -L/usr/local//lib  conftest.c -lc  -lresolv -lpthread -lncurses -lcurses  >&5
conftest.c:33:6: warning: conflicting types for built-in function 'snprintf'; expected 'int(char *, long unsigned int,  const char *, ...)' [-Wbuiltin-declaration-mismatch]
   33 | char snprintf ();
      |      ^~~~~~~~
conftest.c:1:1: note: 'snprintf' is declared in header '<stdio.h>'
    1 | /* confdefs.h */
configure:4216: $? = 0
configure:4225: result: yes
configure:4231: checking for snprintf
configure:4231: gcc -o conftest -g -O2 -fstack-protector -I/usr/local//include  -L/usr/local//lib  conftest.c -lresolv -lpthread -lncurses -lcurses  >&5
conftest.c:49:6: warning: conflicting types for built-in function 'snprintf'; expected 'int(char *, long unsigned int,  const char *, ...)' [-Wbuiltin-declaration-mismatch]
   49 | char snprintf ();
      |      ^~~~~~~~
conftest.c:37:1: note: 'snprintf' is declared in header '<stdio.h>'
   36 | # include <limits.h>
   37 | #else
configure:4231: $? = 0
configure:4231: result: yes
configure:4236: checking for _snprintf
configure:4236: gcc -o conftest -g -O2 -fstack-protector -I/usr/local//include  -L/usr/local//lib  conftest.c -lresolv -lpthread -lncurses -lcurses  >&5
/usr/bin/ld: /tmp/cch91woe.o: in function `main':
/workspace/conftest.c:60:(.text.startup+0xb): undefined reference to `_snprintf'
collect2: error: ld returned 1 exit status
configure:4236: $? = 1
configure: failed program was:
| /* confdefs.h */
| #define PACKAGE_NAME ""
| #define PACKAGE_TARNAME ""
| #define PACKAGE_VERSION ""
| #define PACKAGE_STRING ""
| #define PACKAGE_BUGREPORT ""
| #define PACKAGE_URL ""
| #define STDC_HEADERS 1
| #define HAVE_SYS_TYPES_H 1
| #define HAVE_SYS_STAT_H 1
| #define HAVE_STDLIB_H 1
| #define HAVE_STRING_H 1
| #define HAVE_MEMORY_H 1
| #define HAVE_STRINGS_H 1
| #define HAVE_INTTYPES_H 1
| #define HAVE_STDINT_H 1
| #define HAVE_UNISTD_H 1
| #define HAVE_PATHS_H 1
| #define HAVE_LIBCURSES 1
| #define HAVE_LIBNCURSES 1
| #define HAVE_LIBPTHREAD 1
| #define HAVE_LIBRESOLV 1
| #define HAVE_GETHOSTBYNAME 1
| #define HAVE_GETHOSTBYNAME2 1
| /* end confdefs.h.  */
| /* Define _snprintf to an innocuous variant, in case <limits.h> declares _snprintf.
|    For example, HP-UX 11i <limits.h> declares gettimeofday.  */
| #define _snprintf innocuous__snprintf
| 
| /* System header to define __stub macros and hopefully few prototypes,
|     which can conflict with char _snprintf (); below.
|     Prefer <limits.h> to <assert.h> if __STDC__ is defined, since
|     <limits.h> exists even on freestanding compilers.  */
| 
| #ifdef __STDC__
| # include <limits.h>
| #else
| # include <assert.h>
| #endif
| 
| #undef _snprintf
| 
| /* Override any GCC internal prototype to avoid an error.
|    Use char because int might match the return type of a GCC
|    builtin and then its argument prototype would still apply.  */
| #ifdef __cplusplus
| extern "C"
| #endif
| char _snprintf ();
| /* The GNU C library defines this for functions which it implements
|     to always fail with ENOSYS.  Some functions are actually named
|     something starting with __ and the normal name is an alias.  */
| #if defined __stub__snprintf || defined __stub____snprintf
| choke me
| #endif
| 
| int
| main ()
| {
| return _snprintf ();
|   ;
|   return 0;
| }
configure:4236: result: no
configure:4241: checking for revoke in -lbsd
configure:4266: gcc -o conftest -g -O2 -fstack-protector -I/usr/local//include  -L/usr/local//lib  conftest.c -lbsd  -lresolv -lpthread -lncurses -lcurses  >&5
/usr/bin/ld: cannot find -lbsd: No such file or directory
collect2: error: ld returned 1 exit status
configure:4266: $? = 1
configure: failed program was:
| /* confdefs.h */
| #define PACKAGE_NAME ""
| #define PACKAGE_TARNAME ""
| #define PACKAGE_VERSION ""
| #define PACKAGE_STRING ""
| #define PACKAGE_BUGREPORT ""
| #define PACKAGE_URL ""
| #define STDC_HEADERS 1
| #define HAVE_SYS_TYPES_H 1
| #define HAVE_SYS_STAT_H 1
| #define HAVE_STDLIB_H 1
| #define HAVE_STRING_H 1
| #define HAVE_MEMORY_H 1
| #define HAVE_STRINGS_H 1
| #define HAVE_INTTYPES_H 1
| #define HAVE_STDINT_H 1
| #define HAVE_UNISTD_H 1
| #define HAVE_PATHS_H 1
| #define HAVE_LIBCURSES 1
| #define HAVE_LIBNCURSES 1
| #define HAVE_LIBPTHREAD 1
| #define HAVE_LIBRESOLV 1
| #define HAVE_GETHOSTBYNAME 1
| #define HAVE_GETHOSTBYNAME2 1
| /* end confdefs.h.  */
| 
| /* Override any GCC internal prototype to avoid an error.
|    Use char because int might match the return type of a GCC
|    builtin and then its argument prototype would still apply.  */
| #ifdef __cplusplus
| extern "C"
| #endif
| char revoke ();
| int
| main ()
| {
| return revoke ();
|   ;
|   return 0;
| }
configure:4275: result: no
configure:4287: checking for main in -lkstat
configure:4306: gcc -o conftest -g -O2 -fstack-protector -I/usr/local//include  -L/usr/local//lib  conftest.c -lkstat  -lresolv -lpthread -lncurses -lcurses  >&5
/usr/bin/ld: cannot find -lkstat: No such file or directory
collect2: error: ld returned 1 exit status
configure:4306: $? = 1
configure: failed program was:
| /* confdefs.h */
| #define PACKAGE_NAME ""
| #define PACKAGE_TARNAME ""
| #define PACKAGE_VERSION ""
| #define PACKAGE_STRING ""
| #define PACKAGE_BUGREPORT ""
| #define PACKAGE_URL ""
| #define STDC_HEADERS 1
| #define HAVE_SYS_TYPES_H 1
| #define HAVE_SYS_STAT_H 1
| #define HAVE_STDLIB_H 1
| #define HAVE_STRING_H 1
| #define HAVE_MEMORY_H 1
| #define HAVE_STRINGS_H 1
| #define HAVE_INTTYPES_H 1
| #define HAVE_STDINT_H 1
| #define HAVE_UNISTD_H 1
| #define HAVE_PATHS_H 1
| #define HAVE_LIBCURSES 1
| #define HAVE_LIBNCURSES 1
| #define HAVE_LIBPTHREAD 1
| #define HAVE_LIBRESOLV 1
| #define HAVE_GETHOSTBYNAME 1
| #define HAVE_GETHOSTBYNAME2 1
| /* end confdefs.h.  */
| 
| 
| int
| main ()
| {
| return main ();
|   ;
|   return 0;
| }
configure:4315: result: no
configure:4332: checking for main in -lssl
configure:4351: gcc -o conftest -g -O2 -fstack-protector -I/usr/local//include  -L/usr/local//lib  conftest.c -lssl  -lresolv -lpthread -lncurses -lcurses  >&5
/usr/bin/ld: cannot find -lssl: No such file or directory
collect2: error: ld returned 1 exit status
configure:4351: $? = 1
configure: failed program was:
| /* confdefs.h */
| #define PACKAGE_NAME ""
| #define PACKAGE_TARNAME ""
| #define PACKAGE_VERSION ""
| #define PACKAGE_STRING ""
| #define PACKAGE_BUGREPORT ""
| #define PACKAGE_URL ""
| #define STDC_HEADERS 1
| #define HAVE_SYS_TYPES_H 1
| #define HAVE_SYS_STAT_H 1
| #define HAVE_STDLIB_H 1
| #define HAVE_STRING_H 1
| #define HAVE_MEMORY_H 1
| #define HAVE_STRINGS_H 1
| #define HAVE_INTTYPES_H 1
| #define HAVE_STDINT_H 1
| #define HAVE_UNISTD_H 1
| #define HAVE_PATHS_H 1
| #define HAVE_LIBCURSES 1
| #define HAVE_LIBNCURSES 1
| #define HAVE_LIBPTHREAD 1
| #define HAVE_LIBRESOLV 1
| #define HAVE_GETHOSTBYNAME 1
| #define HAVE_GETHOSTBYNAME2 1
| /* end confdefs.h.  */
| 
| 
| int
| main ()
| {
| return main ();
|   ;
|   return 0;
| }
configure:4360: result: no
configure:4366: checking for main in -lcrypto
configure:4385: gcc -o conftest -g -O2 -fstack-protector -I/usr/local//include  -L/usr/local//lib  conftest.c -lcrypto  -lresolv -lpthread -lncurses -lcurses  >&5
/usr/bin/ld: cannot find -lcrypto: No such file or directory
collect2: error: ld returned 1 exit status
configure:4385: $? = 1
configure: failed program was:
| /* confdefs.h */
| #define PACKAGE_NAME ""
| #define PACKAGE_TARNAME ""
| #define PACKAGE_VERSION ""
| #define PACKAGE_STRING ""
| #define PACKAGE_BUGREPORT ""
| #define PACKAGE_URL ""
| #define STDC_HEADERS 1
| #define HAVE_SYS_TYPES_H 1
| #define HAVE_SYS_STAT_H 1
| #define HAVE_STDLIB_H 1
| #define HAVE_STRING_H 1
| #define HAVE_MEMORY_H 1
| #define HAVE_STRINGS_H 1
| #define HAVE_INTTYPES_H 1
| #define HAVE_STDINT_H 1
| #define HAVE_UNISTD_H 1
| #define HAVE_PATHS_H 1
| #define HAVE_LIBCURSES 1
| #define HAVE_LIBNCURSES 1
| #define HAVE_LIBPTHREAD 1
| #define HAVE_LIBRESOLV 1
| #define HAVE_GETHOSTBYNAME 1
| #define HAVE_GETHOSTBYNAME2 1
| /* end confdefs.h.  */
| 
| 
| int
| main ()
| {
| return main ();
|   ;
|   return 0;
| }
configure:4394: result: no
configure:4402: WARNING: without openssl SNMP may not work
configure:4412: checking for hosts_ctl in -lwrap
configure:4437: gcc -o conftest -g -O2 -fstack-protector -I/usr/local//include  -L/usr/local//lib  conftest.c -lwrap  -lresolv -lpthread -lncurses -lcurses  >&5
/usr/bin/ld: cannot find -lwrap: No such file or directory
collect2: error: ld returned 1 exit status
configure:4437: $? = 1
configure: failed program was:
| /* confdefs.h */
| #define PACKAGE_NAME ""
| #define PACKAGE_TARNAME ""
| #define PACKAGE_VERSION ""
| #define PACKAGE_STRING ""
| #define PACKAGE_BUGREPORT ""
| #define PACKAGE_URL ""
| #define STDC_HEADERS 1
| #define HAVE_SYS_TYPES_H 1
| #define HAVE_SYS_STAT_H 1
| #define HAVE_STDLIB_H 1
| #define HAVE_STRING_H 1
| #define HAVE_MEMORY_H 1
| #define HAVE_STRINGS_H 1
| #define HAVE_INTTYPES_H 1
| #define HAVE_STDINT_H 1
| #define HAVE_UNISTD_H 1
| #define HAVE_PATHS_H 1
| #define HAVE_LIBCURSES 1
| #define HAVE_LIBNCURSES 1
| #define HAVE_LIBPTHREAD 1
| #define HAVE_LIBRESOLV 1
| #define HAVE_GETHOSTBYNAME 1
| #define HAVE_GETHOSTBYNAME2 1
| /* end confdefs.h.  */
| 
| /* Override any GCC internal prototype to avoid an error.
|    Use char because int might match the return type of a GCC
|    builtin and then its argument prototype would still apply.  */
| #ifdef __cplusplus
| extern "C"
| #endif
| char hosts_ctl ();
| int
| main ()
| {
| return hosts_ctl ();
|   ;
|   return 0;
| }
configure:4446: result: no
configure:4460: checking tcpd.h usability
configure:4460: gcc -c -g -O2 -fstack-protector -I/usr/local//include  conftest.c >&5
conftest.c:59:10: fatal error: tcpd.h: No such file or directory
   59 | #include <tcpd.h>
      |          ^~~~~~~~
compilation terminated.
configure:4460: $? = 1
configure: failed program was:
| /* confdefs.h */
| #define PACKAGE_NAME ""
| #define PACKAGE_TARNAME ""
| #define PACKAGE_VERSION ""
| #define PACKAGE_STRING ""
| #define PACKAGE_BUGREPORT ""
| #define PACKAGE_URL ""
| #define STDC_HEADERS 1
| #define HAVE_SYS_TYPES_H 1
| #define HAVE_SYS_STAT_H 1
| #define HAVE_STDLIB_H 1
| #define HAVE_STRING_H 1
| #define HAVE_MEMORY_H 1
| #define HAVE_STRINGS_H 1
| #define HAVE_INTTYPES_H 1
| #define HAVE_STDINT_H 1
| #define HAVE_UNISTD_H 1
| #define HAVE_PATHS_H 1
| #define HAVE_LIBCURSES 1
| #define HAVE_LIBNCURSES 1
| #define HAVE_LIBPTHREAD 1
| #define HAVE_LIBRESOLV 1
| #define HAVE_GETHOSTBYNAME 1
| #define HAVE_GETHOSTBYNAME2 1
| /* end confdefs.h.  */
| #include <stdio.h>
| #ifdef HAVE_SYS_TYPES_H
| # include <sys/types.h>
| #endif
| #ifdef HAVE_SYS_STAT_H
| # include <sys/stat.h>
| #endif
| #ifdef STDC_HEADERS
| # include <stdlib.h>
| # include <stddef.h>
| #else
| # ifdef HAVE_STDLIB_H
| #  include <stdlib.h>
| # endif
| #endif
| #ifdef HAVE_STRING_H
| # if !defined STDC_HEADERS && defined HAVE_MEMORY_H
| #  include <memory.h>
| # endif
| # include <string.h>
| #endif
| #ifdef HAVE_STRINGS_H
| # include <strings.h>
| #endif
| #ifdef HAVE_INTTYPES_H
| # include <inttypes.h>
| #endif
| #ifdef HAVE_STDINT_H
| # include <stdint.h>
| #endif
| #ifdef HAVE_UNISTD_H
| # include <unistd.h>
| #endif
| #include <tcpd.h>
configure:4460: result: no
configure:4460: checking tcpd.h presence
configure:4460: gcc -E -I/usr/local//include  conftest.c
conftest.c:26:10: fatal error: tcpd.h: No such file or directory
   26 | #include <tcpd.h>
      |          ^~~~~~~~
compilation terminated.
configure:4460: $? = 1
configure: failed program was:
| /* confdefs.h */
| #define PACKAGE_NAME ""
| #define PACKAGE_TARNAME ""
| #define PACKAGE_VERSION ""
| #define PACKAGE_STRING ""
| #define PACKAGE_BUGREPORT ""
| #define PACKAGE_URL ""
| #define STDC_HEADERS 1
| #define HAVE_SYS_TYPES_H 1
| #define HAVE_SYS_STAT_H 1
| #define HAVE_STDLIB_H 1
| #define HAVE_STRING_H 1
| #define HAVE_MEMORY_H 1
| #define HAVE_STRINGS_H 1
| #define HAVE_INTTYPES_H 1
| #define HAVE_STDINT_H 1
| #define HAVE_UNISTD_H 1
| #define HAVE_PATHS_H 1
| #define HAVE_LIBCURSES 1
| #define HAVE_LIBNCURSES 1
| #define HAVE_LIBPTHREAD 1
| #define HAVE_LIBRESOLV 1
| #define HAVE_GETHOSTBYNAME 1
| #define HAVE_GETHOSTBYNAME2 1
| /* end confdefs.h.  */
| #include <tcpd.h>
configure:4460: result: no
configure:4460: checking for tcpd.h
configure:4460: result: no
configure:4475: checking sys/socket.h usability
configure:4475: gcc -c -g -O2 -fstack-protector -I/usr/local//include  conftest.c >&5
configure:4475: $? = 0
configure:4475: result: yes
configure:4475: checking sys/socket.h presence
configure:4475: gcc -E -I/usr/local//include  conftest.c
configure:4475: $? = 0
configure:4475: result: yes
configure:4475: checking for sys/socket.h
configure:4475: result: yes
configure:4487: checking netinet/in.h usability
configure:4487: gcc -c -g -O2 -fstack-protector -I/usr/local//include  conftest.c >&5
configure:4487: $? = 0
configure:4487: result: yes
configure:4487: checking netinet/in.h presence
configure:4487: gcc -E -I/usr/local//include  conftest.c
configure:4487: $? = 0
configure:4487: result: yes
configure:4487: checking for netinet/in.h
configure:4487: result: yes
configure:4499: checking for netinet/icmp6.h
configure:4499: gcc -c -g -O2 -fstack-protector -I/usr/local//include  conftest.c >&5
configure:4499: $? = 0
configure:4499: result: yes
configure:4527: checking net-snmp/version.h usability
configure:4527: gcc -c -g -O2 -fstack-protector -I/usr/local//include  conftest.c >&5
conftest.c:62:10: fatal error: net-snmp/version.h: No such file or directory
   62 | #include <net-snmp/version.h>
      |          ^~~~~~~~~~~~~~~~~~~~
compilation terminated.
configure:4527: $? = 1
configure: failed program was:
| /* confdefs.h */
| #define PACKAGE_NAME ""
| #define PACKAGE_TARNAME ""
| #define PACKAGE_VERSION ""
| #define PACKAGE_STRING ""
| #define PACKAGE_BUGREPORT ""
| #define PACKAGE_URL ""
| #define STDC_HEADERS 1
| #define HAVE_SYS_TYPES_H 1
| #define HAVE_SYS_STAT_H 1
| #define HAVE_STDLIB_H 1
| #define HAVE_STRING_H 1
| #define HAVE_MEMORY_H 1
| #define HAVE_STRINGS_H 1
| #define HAVE_INTTYPES_H 1
| #define HAVE_STDINT_H 1
| #define HAVE_UNISTD_H 1
| #define HAVE_PATHS_H 1
| #define HAVE_LIBCURSES 1
| #define HAVE_LIBNCURSES 1
| #define HAVE_LIBPTHREAD 1
| #define HAVE_LIBRESOLV 1
| #define HAVE_GETHOSTBYNAME 1
| #define HAVE_GETHOSTBYNAME2 1
| #define HAVE_SYS_SOCKET_H 1
| #define HAVE_NETINET_IN_H 1
| #define HAVE_NETINET_ICMP6_H 1
| /* end confdefs.h.  */
| #include <stdio.h>
| #ifdef HAVE_SYS_TYPES_H
| # include <sys/types.h>
| #endif
| #ifdef HAVE_SYS_STAT_H
| # include <sys/stat.h>
| #endif
| #ifdef STDC_HEADERS
| # include <stdlib.h>
| # include <stddef.h>
| #else
| # ifdef HAVE_STDLIB_H
| #  include <stdlib.h>
| # endif
| #endif
| #ifdef HAVE_STRING_H
| # if !defined STDC_HEADERS && defined HAVE_MEMORY_H
| #  include <memory.h>
| # endif
| # include <string.h>
| #endif
| #ifdef HAVE_STRINGS_H
| # include <strings.h>
| #endif
| #ifdef HAVE_INTTYPES_H
| # include <inttypes.h>
| #endif
| #ifdef HAVE_STDINT_H
| # include <stdint.h>
| #endif
| #ifdef HAVE_UNISTD_H
| # include <unistd.h>
| #endif
| #include <net-snmp/version.h>
configure:4527: result: no
configure:4527: checking net-snmp/version.h presence
configure:4527: gcc -E -I/usr/local//include  conftest.c
conftest.c:29:10: fatal error: net-snmp/version.h: No such file or directory
   29 | #include <net-snmp/version.h>
      |          ^~~~~~~~~~~~~~~~~~~~
compilation terminated.
configure:4527: $? = 1
configure: failed program was:
| /* confdefs.h */
| #define PACKAGE_NAME ""
| #define PACKAGE_TARNAME ""
| #define PACKAGE_VERSION ""
| #define PACKAGE_STRING ""
| #define PACKAGE_BUGREPORT ""
| #define PACKAGE_URL ""
| #define STDC_HEADERS 1
| #define HAVE_SYS_TYPES_H 1
| #define HAVE_SYS_STAT_H 1
| #define HAVE_STDLIB_H 1
| #define HAVE_STRING_H 1
| #define HAVE_MEMORY_H 1
| #define HAVE_STRINGS_H 1
| #define HAVE_INTTYPES_H 1
| #define HAVE_STDINT_H 1
| #define HAVE_UNISTD_H 1
| #define HAVE_PATHS_H 1
| #define HAVE_LIBCURSES 1
| #define HAVE_LIBNCURSES 1
| #define HAVE_LIBPTHREAD 1
| #define HAVE_LIBRESOLV 1
| #define HAVE_GETHOSTBYNAME 1
| #define HAVE_GETHOSTBYNAME2 1
| #define HAVE_SYS_SOCKET_H 1
| #define HAVE_NETINET_IN_H 1
| #define HAVE_NETINET_ICMP6_H 1
| /* end confdefs.h.  */
| #include <net-snmp/version.h>
configure:4527: result: no
configure:4527: checking for net-snmp/version.h
configure:4527: result: no
configure:4661: checking ucd-snmp/version.h usability
configure:4661: gcc -c -g -O2 -fstack-protector -I/usr/local//include  conftest.c >&5
conftest.c:62:10: fatal error: ucd-snmp/version.h: No such file or directory
   62 | #include <ucd-snmp/version.h>
      |          ^~~~~~~~~~~~~~~~~~~~
compilation terminated.
configure:4661: $? = 1
configure: failed program was:
| /* confdefs.h */
| #define PACKAGE_NAME ""
| #define PACKAGE_TARNAME ""
| #define PACKAGE_VERSION ""
| #define PACKAGE_STRING ""
| #define PACKAGE_BUGREPORT ""
| #define PACKAGE_URL ""
| #define STDC_HEADERS 1
| #define HAVE_SYS_TYPES_H 1
| #define HAVE_SYS_STAT_H 1
| #define HAVE_STDLIB_H 1
| #define HAVE_STRING_H 1
| #define HAVE_MEMORY_H 1
| #define HAVE_STRINGS_H 1
| #define HAVE_INTTYPES_H 1
| #define HAVE_STDINT_H 1
| #define HAVE_UNISTD_H 1
| #define HAVE_PATHS_H 1
| #define HAVE_LIBCURSES 1
| #define HAVE_LIBNCURSES 1
| #define HAVE_LIBPTHREAD 1
| #define HAVE_LIBRESOLV 1
| #define HAVE_GETHOSTBYNAME 1
| #define HAVE_GETHOSTBYNAME2 1
| #define HAVE_SYS_SOCKET_H 1
| #define HAVE_NETINET_IN_H 1
| #define HAVE_NETINET_ICMP6_H 1
| /* end confdefs.h.  */
| #include <stdio.h>
| #ifdef HAVE_SYS_TYPES_H
| # include <sys/types.h>
| #endif
| #ifdef HAVE_SYS_STAT_H
| # include <sys/stat.h>
| #endif
| #ifdef STDC_HEADERS
| # include <stdlib.h>
| # include <stddef.h>
| #else
| # ifdef HAVE_STDLIB_H
| #  include <stdlib.h>
| # endif
| #endif
| #ifdef HAVE_STRING_H
| # if !defined STDC_HEADERS && defined HAVE_MEMORY_H
| #  include <memory.h>
| # endif
| # include <string.h>
| #endif
| #ifdef HAVE_STRINGS_H
| # include <strings.h>
| #endif
| #ifdef HAVE_INTTYPES_H
| # include <inttypes.h>
| #endif
| #ifdef HAVE_STDINT_H
| # include <stdint.h>
| #endif
| #ifdef HAVE_UNISTD_H
| # include <unistd.h>
| #endif
| #include <ucd-snmp/version.h>
configure:4661: result: no
configure:4661: checking ucd-snmp/version.h presence
configure:4661: gcc -E -I/usr/local//include  conftest.c
conftest.c:29:10: fatal error: ucd-snmp/version.h: No such file or directory
   29 | #include <ucd-snmp/version.h>
      |          ^~~~~~~~~~~~~~~~~~~~
compilation terminated.
configure:4661: $? = 1
configure: failed program was:
| /* confdefs.h */
| #define PACKAGE_NAME ""
| #define PACKAGE_TARNAME ""
| #define PACKAGE_VERSION ""
| #define PACKAGE_STRING ""
| #define PACKAGE_BUGREPORT ""
| #define PACKAGE_URL ""
| #define STDC_HEADERS 1
| #define HAVE_SYS_TYPES_H 1
| #define HAVE_SYS_STAT_H 1
| #define HAVE_STDLIB_H 1
| #define HAVE_STRING_H 1
| #define HAVE_MEMORY_H 1
| #define HAVE_STRINGS_H 1
| #define HAVE_INTTYPES_H 1
| #define HAVE_STDINT_H 1
| #define HAVE_UNISTD_H 1
| #define HAVE_PATHS_H 1
| #define HAVE_LIBCURSES 1
| #define HAVE_LIBNCURSES 1
| #define HAVE_LIBPTHREAD 1
| #define HAVE_LIBRESOLV 1
| #define HAVE_GETHOSTBYNAME 1
| #define HAVE_GETHOSTBYNAME2 1
| #define HAVE_SYS_SOCKET_H 1
| #define HAVE_NETINET_IN_H 1
| #define HAVE_NETINET_ICMP6_H 1
| /* end confdefs.h.  */
| #include <ucd-snmp/version.h>
configure:4661: result: no
configure:4661: checking for ucd-snmp/version.h
configure:4661: result: no
configure:4961: creating ./config.status

## ---------------------- ##
## Running config.status. ##
## ---------------------- ##

This file was extended by config.status, which was
generated by GNU Autoconf 2.68.  Invocation command line was

  CONFIG_FILES    = 
  CONFIG_HEADERS  = 
  CONFIG_LINKS    = 
  CONFIG_COMMANDS = 
  $ ./config.status 

on cursor

config.status:832: creating src/Makefile
config.status:935: WARNING:  'autoconf/Makefile.in' seems to ignore the --datarootdir setting
config.status:832: creating src/defines.h

## ---------------- ##
## Cache variables. ##
## ---------------- ##

ac_cv_c_compiler_gnu=yes
ac_cv_env_CC_set=
ac_cv_env_CC_value=
ac_cv_env_CFLAGS_set=
ac_cv_env_CFLAGS_value=
ac_cv_env_CPPFLAGS_set=
ac_cv_env_CPPFLAGS_value=
ac_cv_env_CPP_set=
ac_cv_env_CPP_value=
ac_cv_env_LDFLAGS_set=
ac_cv_env_LDFLAGS_value=
ac_cv_env_LIBS_set=
ac_cv_env_LIBS_value=
ac_cv_env_build_alias_set=
ac_cv_env_build_alias_value=
ac_cv_env_host_alias_set=
ac_cv_env_host_alias_value=
ac_cv_env_target_alias_set=
ac_cv_env_target_alias_value=
ac_cv_func__snprintf=no
ac_cv_func_gethostbyname2=yes
ac_cv_func_gethostbyname=yes
ac_cv_func_snprintf=yes
ac_cv_header_inttypes_h=yes
ac_cv_header_memory_h=yes
ac_cv_header_net_snmp_version_h=no
ac_cv_header_netinet_icmp6_h=yes
ac_cv_header_netinet_in_h=yes
ac_cv_header_paths_h=yes
ac_cv_header_stdc=yes
ac_cv_header_stdint_h=yes
ac_cv_header_stdlib_h=yes
ac_cv_header_string_h=yes
ac_cv_header_strings_h=yes
ac_cv_header_sys_socket_h=yes
ac_cv_header_sys_stat_h=yes
ac_cv_header_sys_types_h=yes
ac_cv_header_tcpd_h=no
ac_cv_header_ucd_snmp_version_h=no
ac_cv_header_unistd_h=yes
ac_cv_lib_bsd_revoke=no
ac_cv_lib_c_snprintf=yes
ac_cv_lib_crypto_main=no
ac_cv_lib_curses_refresh=yes
ac_cv_lib_fl_yywrap=no
ac_cv_lib_kstat_main=no
ac_cv_lib_l_yywrap=no
ac_cv_lib_ncurses_refresh=yes
ac_cv_lib_nsl_inet_ntoa=no
ac_cv_lib_pthread_pthread_create=yes
ac_cv_lib_resolv_gethostname=yes
ac_cv_lib_socket_getpeername=no
ac_cv_lib_ssl_main=no
ac_cv_lib_wrap_hosts_ctl=no
ac_cv_objext=o
ac_cv_path_EGREP='/usr/bin/grep -E'
ac_cv_path_GREP=/usr/bin/grep
ac_cv_path_SENDMAIL=/usr/sbin/sendmail
ac_cv_path_install='/usr/bin/install -c'
ac_cv_prog_CPP='gcc -E'
ac_cv_prog_ac_ct_CC=gcc
ac_cv_prog_ac_ct_RANLIB=ranlib
ac_cv_prog_cc_c89=
ac_cv_prog_cc_g=yes
ac_cv_prog_make_make_set=yes
ax_cv_cflags_gcc_option__fstack_protector=-fstack-protector

## ----------------- ##
## Output variables. ##
## ----------------- ##

CC='gcc'
CFLAGS='-g -O2 -fstack-protector'
CPP='gcc -E'
CPPFLAGS='-I/usr/local//include '
DEFS='-DHAVE_CONFIG_H'
ECHO_C=''
ECHO_N='-n'
ECHO_T=''
EGREP='/usr/bin/grep -E'
EXEEXT=''
GREP='/usr/bin/grep'
INSTALL_DATA='${INSTALL} -m 644'
INSTALL_PROGRAM='${INSTALL}'
INSTALL_SCRIPT='${INSTALL}'
IPV6='IPV6=-DENABLE_IPV6'
LDFLAGS='-L/usr/local//lib '
LEX='no'
LIBOBJS=''
LIBS='-lresolv -lpthread -lncurses -lcurses   '
LTLIBOBJS=''
OBJEXT='o'
PACKAGE_BUGREPORT=''
PACKAGE_NAME=''
PACKAGE_STRING=''
PACKAGE_TARNAME=''
PACKAGE_URL=''
PACKAGE_VERSION=''
PATH_SEPARATOR=':'
PROGS=' sysmond sysmon'
RANLIB='ranlib'
SENDMAIL='-DMAIL="/usr/sbin/sendmail"'
SET_MAKE=''
SHELL='/bin/bash'
SNMP=''
SNP='-DHAVE_SNPRINTF'
SSL=''
ac_ct_CC='gcc'
bindir='${exec_prefix}/bin'
build_alias=''
datadir='${datarootdir}'
datarootdir='${prefix}/share'
docdir='${datarootdir}/doc/${PACKAGE}'
dvidir='${docdir}'
exec_prefix='${prefix}'
host_alias=''
htmldir='${docdir}'
includedir='${prefix}/include'
infodir='${datarootdir}/info'
libdir='${exec_prefix}/lib'
libexecdir='${exec_prefix}/libexec'
localedir='${datarootdir}/locale'
localstatedir='${prefix}/var'
mandir='${datarootdir}/man'
oldincludedir='/usr/include'
pdfdir='${docdir}'
prefix='/usr/local'
program_transform_name='s,x,x,'
psdir='${docdir}'
sbindir='${exec_prefix}/sbin'
sharedstatedir='${prefix}/com'
sysconfdir='${prefix}/etc'
target_alias=''

## ----------- ##
## confdefs.h. ##
## ----------- ##

/* confdefs.h */
#define PACKAGE_NAME ""
#define PACKAGE_TARNAME ""
#define PACKAGE_VERSION ""
#define PACKAGE_STRING ""
#define PACKAGE_BUGREPORT ""
#define PACKAGE_URL ""
#define STDC_HEADERS 1
#define HAVE_SYS_TYPES_H 1
#define HAVE_SYS_STAT_H 1
#define HAVE_STDLIB_H 1
#define HAVE_STRING_H 1
#define HAVE_MEMORY_H 1
#define HAVE_STRINGS_H 1
#define HAVE_INTTYPES_H 1
#define HAVE_STDINT_H 1
#define HAVE_UNISTD_H 1
#define HAVE_PATHS_H 1
#define HAVE_LIBCURSES 1
#define HAVE_LIBNCURSES 1
#define HAVE_LIBPTHREAD 1
#define HAVE_LIBRESOLV 1
#define HAVE_GETHOSTBYNAME 1
#define HAVE_GETHOSTBYNAME2 1
#define HAVE_SYS_SOCKET_H 1
#define HAVE_NETINET_IN_H 1
#define HAVE_NETINET_ICMP6_H 1

configure: exit 0
